FIND: Parameter format not correct
